src/contexts/UserContext.tsx(1,58): error TS1484: 'ReactNode' is a type and must be imported using a type-only import when 'verbatimModuleSyntax' is enabled.
src/pages/ShopList.tsx(120,11): error TS6133: 'openEditModal' is declared but its value is never read.
